<?xml version="1.0" encoding="UTF-8"?>
<testsuites name="Mocha Tests" time="0.002" tests="3" failures="3">
  <testsuite name="Root Suite" timestamp="2016-05-12T08:36:30" tests="0" failures="0" time="0">
  </testsuite>
  <testsuite name="Array" timestamp="2016-05-12T08:36:30" tests="0" failures="0" time="0">
  </testsuite>
  <testsuite name="#indexOf()" timestamp="2016-05-12T08:36:30" tests="1" failures="1" time="0.002">
    <testcase name="Root Suite Array #indexOf() should return -1 when the value is not present" time="0.002" classname="should return -1 when the value is not present">
      <failure><![CDATA[AssertionError: expected 200 to equal 400
    at Context.<anonymous> (test/main.js:11:13)]]></failure>
    </testcase>
  </testsuite>
  <testsuite name="Hello World Server" timestamp="2016-05-12T08:36:30" tests="0" failures="0" time="0">
  </testsuite>
  <testsuite name="GET /" timestamp="2016-05-12T08:36:30" tests="2" failures="2" time="0">
    <testcase name="Root Suite Hello World Server GET / returns status code 200" time="0" classname="returns status code 200">
      <failure><![CDATA[TypeError: Cannot read property 'statusCode' of undefined
    at Request._callback (test/test.js:13:43)
    at self.callback (node_modules/request/request.js:200:22)
    at Request.onRequestError (node_modules/request/request.js:831:8)
    at Socket.socketErrorListener (_http_client.js:295:9)
    at emitErrorNT (net.js:1250:8)]]></failure>
    </testcase>
    <testcase name="Root Suite Hello World Server GET / returns Hello World" time="0" classname="returns Hello World">
      <failure><![CDATA[AssertionError: 'Hello World' == undefined
    at Request._callback (test/test.js:21:17)
    at self.callback (node_modules/request/request.js:200:22)
    at Request.onRequestError (node_modules/request/request.js:831:8)
    at Socket.socketErrorListener (_http_client.js:295:9)
    at emitErrorNT (net.js:1250:8)]]></failure>
    </testcase>
  </testsuite>
</testsuites>